---
source: src/parser/prelude_parse_tests.rs
expression: primitives_module
---
ModuleDef {
    name: "TestPrimitives",
    type_param: None,
    elements: [
        Declaration(
            ObjectDecl {
                name: "test_obj",
                type_constraint: None,
            },
        ),
        Declaration(
            MappingDecl {
                name: "test_map",
                type_constraint: None,
                value: None,
                constraint: None,
            },
        ),
    ],
}
